[16:21:15.244] WARN (60285): [MAIN] ⚠️ WorkerIngest protocol violation
    streamId: 1
    kind: "missing_hello"
    message: "received a sub-batch before the hello frame"
[16:21:15.244] WARN (60285): [MAIN] ⚠️ WorkerIngest protocol violation
    streamId: 1
    kind: "duplicate_hello"
    message: "received a second hello frame"
[16:21:15.245] WARN (60285): [MAIN] ⚠️ WorkerIngest protocol violation
    streamId: 1
    kind: "seq_mismatch"
    message: "expected seq 1, got 2 — frames were lost or reordered"
[16:21:15.250] ERROR (60285): [MAIN] 💥 WorkerIngest pipeline failed — failing all streams
    error: "pipeline poisoned"
[16:21:15.624] WARN (60285): [MAIN] ⚠️ Out-of-order message fed to ingestion pipeline
    key: "events/0/k"
    offset: 2
    lastSeenOffset: 6
    consumerId: "consumer-1#1#2"
PASS src/ingestion/common/common-ingestion-pipeline.test.ts
PASS src/ingestion/framework/result-handling-pipeline.test.ts
PASS src/ingestion/api/grpc-server.test.ts
PASS src/ingestion/framework/side-effect-handling-pipeline.test.ts
PASS src/ingestion/framework/batching-pipeline.test.ts
PASS src/common/utils/promise-scheduler.test.ts

Test Suites: 6 passed, 6 total
Tests:       103 passed, 103 total
Snapshots:   0 total
Time:        2.711 s
Ran all test suites within paths "src/ingestion/api/grpc-server.test.ts", "src/ingestion/framework/batching-pipeline.test.ts", "src/ingestion/framework/result-handling-pipeline.test.ts", "src/ingestion/framework/side-effect-handling-pipeline.test.ts", "src/ingestion/common/common-ingestion-pipeline.test.ts", "src/common/utils/promise-scheduler.test.ts".
Test results written to: ../../../../var/folders/v5/3k38g_ls55g6zhq2lxdqt7k80000gn/T/coherence-posthog-ingestion-sFTxxs/runs/jest-QUAwhl/report.json
Jest did not exit one second after the test run has completed.

'This usually means that there are asynchronous operations that weren't stopped in your tests. Consider running Jest with `--detectOpenHandles` to troubleshoot this issue.
