============================= test session starts ==============================
platform darwin -- Python 3.13.13, pytest-8.4.2, pluggy-1.6.0 -- /tmp/coherence-posthog-probes.jYxKId/pinned-env/bin/python
cachedir: .pytest_cache
django: version: 5.2.17, settings: posthog.settings (from ini)
hypothesis profile 'default'
rootdir: /private/tmp/coherence-posthog-probes.jYxKId/posthog
configfile: pytest.ini
plugins: mock-3.15.1, anyio-4.9.0, syrupy-4.9.1, xdist-3.8.0, split-0.11.0, timeout-2.4.0, icdiff-0.9, django-4.11.1, hypothesis-6.151.9, asyncio-1.3.0, durations-1.6.2, env-1.2.0, aiohttp-1.1.0, rerunfailures-16.1, requests-mock-1.12.1, cov-7.0.0
asyncio: mode=Mode.AUTO, debug=False, asyncio_default_fixture_loop_scope=module, asyncio_default_test_loop_scope=module
collecting ... collected 3 items

posthog/models/scoping/test_manager.py::TestTeamScopedManager::test_no_scope_raises_team_scope_error PASSED [ 33%]
posthog/models/scoping/test_manager.py::TestTeamScopedManager::test_team_scope_filters_to_team PASSED [ 66%]
posthog/query_cache/test/test_storage.py::TestQueryCacheS3Routing::test_stale_upload_cannot_replace_a_newer_entry FAILED [100%]

=================================== FAILURES ===================================
____ TestQueryCacheS3Routing.test_stale_upload_cannot_replace_a_newer_entry ____
posthog/query_cache/test/test_storage.py:261: in test_stale_upload_cannot_replace_a_newer_entry
    assert len(self.storage.objects) == 1
E   assert 2 == 1
E    +  where 2 = len({('posthog', 'query_cache/12/s3_race_12/4f7c796f6f2c4a97a9a8234bddb6433a'): b'(\xb5/\xfd`\xdc\x01\xfd\r\x00\xf6\xabi\x1bpM\xa1\x03\x80\x07\xd2\xbe\xd4\x91\xcd8\x02\x1f\xc0\x1dFR\n\t\x17\x7f>TU\x89\x1fk\x00^\x00^\x00\xdbm\xc5\x8b\xf8\\\xd7\x9b\xa9\xfaik^\x96\'Z\xfe\xfd\xc8,\xf6)\xe7?\xf2O\xd2\x16\xcd\xe2X\x8c\xe3Y\xf6\xd3\x94d\x1fK\xbc\xad\xe3\xd7}\x88\xf1\xb6\xf1I\xc6\x83\x8d\x8c&\xad\x9c6\xe4\xd1\xf0?\xe2:\xfb\x97q 04B{P\x1cT\x8c\x07\x97p\x87!0&\x9c!a,\x1c\xa2A_`\xb4+\xb0r\x02\xc4\xc2\xa0\x08\x00\xb0\x01\x03\x82\x82\xd5\xb7F]\x87\xe6\xfe\x8cy\xe4B\xfe\xea\xbe\xce\xcc4[\xe7?\xb7\xc7\xf2<\x97\x0e\xbf\xc8;\xf1\x101\xcb\xc5j%\xfe\xec]\\\xc8\x99p\xcd\xb6\xafa1tI~c1\nY%\xc5\xee\x88\xa8D\x9b\xceWa\\\xd3I|\x8a\x08u\xd9\xb3\xa6\xf2\x94\'\xe4\xeeX^\xd0\x94x!y=\x16coK\x9a\x0cF\r\xdb\xf9\x9e\x83F\'\xc7b\x10\x83\xa7\x0e=z\x99}\xfe/\x9a\x86X\xe1b\x19u>f\xffe]Y"\xa49\xb7\x8dcf\x151~\xf6!\xfezX\xca\x9bd\xdf\xe7]\xb7M#f_z\n\x99\xf6\x8a\x97+\xa4V]\xbb\xb3I\xbc\xd3\xaa\xed},\x86\x9a_mV\xfe"\xa5\xac\xa1ec\xa4\x9ftY\x08\x15\x08#\xb7\xecf\x11\xe1|B\xef\xc5W\xd7u\xb9\x16\x93\x13\x8b\xa6\xe7\x91-\x15\xe7\xfa\'j\xe7\xf42\xe5\x94\x1e\xee{?\xd2;\x9d\xc6\x83\x8b\xb8\x86\x15\xbfI\x89HY\xa9\xc8\xee\xf7\x1d\x...\xbf\xdb\x90\xc5.\xe4\xfc6\xfeG\xd6"Y\\\x08,\x8a\xe7\xedg\xe9\xc8.\x95hK\xc5\xad\xbb\x8c\xe2\xed\xe2\x92\x8c\x05\x1b\x19I\xd6\x95&\xe3\x91\xf0?\xe2:\xfb\xdf\x02a`\xa1\x12\xda\x0b\n\x84\x8a\x05\x84\xb7\xc3\xc3b`1\xe1\r\n\x0b\x01\x8fp\xd0\x1fX\xb4/\xb0\xb2B\x04\xc3\x82"\x00\xa0\x08\x0e\n\x0c\x02\xd4\xb65M\x86\xc4\xde\x08ydB~\xea\xb6\xce\xcc\xacZ\xe7/\xb6\xa5\xd2<w\x0c\x9f\xc6;\xb1\xcc\xa8\xcaEj\x1d\xfe\xecM|\xe3<\xb8d\xdb\xb7\xf0\xc8X\x8e\xdbB`qcu\x10\xbb#\xa2\x0e\xed)O\xc7\xb8\xa4s\xb8\xd0\x8c\xe9\xdb\xb2\x84\xb2\xdc\x8fqw$?,\x1d~#\xad\x17\x02\x8b\xb5\xbd$\x19D\t\x97\xf9\x96\x825%\x17\x02\x8bA\xb0P\x99G\'\xb2\xcf\xff\xa7IF\x11.RM\xe7c\xf6[\x92\xdd\xce\x18\xcd\xb9M\x1c3\x89\x86\xf1\xb3\xcb\xf0W\xc3\xbb\'\xc9\xbe\xcf\xbb^\x9b5\xaa\x9e\xb4\x10\xf2\xac\x9d\x9f\x11N\xabnY\xd9\x1c\xdeY\xd4\xf5\xbe\x10X(\xf9\xd5f\xe5\xa7q\xb7d\x96I\x8d\xfe\xd1T\x01\t\x15\t\x8b\xdc\xdbM\x9a\xc1\xf9c\xde\xcfW\xd7u\x99\x16\x93\x13O\xd3\xd3\xa6v\xce\x99\xfeg\xda9\x9d\xc8\x15R\xc3}\xef\xc7y\x9f\xd2Xp\x11\x97\xb0\xe2\xf7\xe8\xcc(\xeb\xd0\xd8\xfd\xb6R\x94IU\xdd\\\xa3\xac\x90k!\xb0\xa0\xb3Z"SL\x1b\xf5\n\xf3\x0b!\xc5\xe3\xf2\xa4\xc3J\x9a\xb3\xdd}4\x0f\x07\x00\x10\x1b\xd5%,\xccH\xbb"\n $\x11#\xc4,\xf3\x98\x05\x8a'})
E    +    where {('posthog', 'query_cache/12/s3_race_12/4f7c796f6f2c4a97a9a8234bddb6433a'): b'(\xb5/\xfd`\xdc\x01\xfd\r\x00\xf6\xabi\x1bpM\xa1\x03\x80\x07\xd2\xbe\xd4\x91\xcd8\x02\x1f\xc0\x1dFR\n\t\x17\x7f>TU\x89\x1fk\x00^\x00^\x00\xdbm\xc5\x8b\xf8\\\xd7\x9b\xa9\xfaik^\x96\'Z\xfe\xfd\xc8,\xf6)\xe7?\xf2O\xd2\x16\xcd\xe2X\x8c\xe3Y\xf6\xd3\x94d\x1fK\xbc\xad\xe3\xd7}\x88\xf1\xb6\xf1I\xc6\x83\x8d\x8c&\xad\x9c6\xe4\xd1\xf0?\xe2:\xfb\x97q 04B{P\x1cT\x8c\x07\x97p\x87!0&\x9c!a,\x1c\xa2A_`\xb4+\xb0r\x02\xc4\xc2\xa0\x08\x00\xb0\x01\x03\x82\x82\xd5\xb7F]\x87\xe6\xfe\x8cy\xe4B\xfe\xea\xbe\xce\xcc4[\xe7?\xb7\xc7\xf2<\x97\x0e\xbf\xc8;\xf1\x101\xcb\xc5j%\xfe\xec]\\\xc8\x99p\xcd\xb6\xafa1tI~c1\nY%\xc5\xee\x88\xa8D\x9b\xceWa\\\xd3I|\x8a\x08u\xd9\xb3\xa6\xf2\x94\'\xe4\xeeX^\xd0\x94x!y=\x16coK\x9a\x0cF\r\xdb\xf9\x9e\x83F\'\xc7b\x10\x83\xa7\x0e=z\x99}\xfe/\x9a\x86X\xe1b\x19u>f\xffe]Y"\xa49\xb7\x8dcf\x151~\xf6!\xfezX\xca\x9bd\xdf\xe7]\xb7M#f_z\n\x99\xf6\x8a\x97+\xa4V]\xbb\xb3I\xbc\xd3\xaa\xed},\x86\x9a_mV\xfe"\xa5\xac\xa1ec\xa4\x9ftY\x08\x15\x08#\xb7\xecf\x11\xe1|B\xef\xc5W\xd7u\xb9\x16\x93\x13\x8b\xa6\xe7\x91-\x15\xe7\xfa\'j\xe7\xf42\xe5\x94\x1e\xee{?\xd2;\x9d\xc6\x83\x8b\xb8\x86\x15\xbfI\x89HY\xa9\xc8\xee\xf7\x1d\x...\xbf\xdb\x90\xc5.\xe4\xfc6\xfeG\xd6"Y\\\x08,\x8a\xe7\xedg\xe9\xc8.\x95hK\xc5\xad\xbb\x8c\xe2\xed\xe2\x92\x8c\x05\x1b\x19I\xd6\x95&\xe3\x91\xf0?\xe2:\xfb\xdf\x02a`\xa1\x12\xda\x0b\n\x84\x8a\x05\x84\xb7\xc3\xc3b`1\xe1\r\n\x0b\x01\x8fp\xd0\x1fX\xb4/\xb0\xb2B\x04\xc3\x82"\x00\xa0\x08\x0e\n\x0c\x02\xd4\xb65M\x86\xc4\xde\x08ydB~\xea\xb6\xce\xcc\xacZ\xe7/\xb6\xa5\xd2<w\x0c\x9f\xc6;\xb1\xcc\xa8\xcaEj\x1d\xfe\xecM|\xe3<\xb8d\xdb\xb7\xf0\xc8X\x8e\xdbB`qcu\x10\xbb#\xa2\x0e\xed)O\xc7\xb8\xa4s\xb8\xd0\x8c\xe9\xdb\xb2\x84\xb2\xdc\x8fqw$?,\x1d~#\xad\x17\x02\x8b\xb5\xbd$\x19D\t\x97\xf9\x96\x825%\x17\x02\x8bA\xb0P\x99G\'\xb2\xcf\xff\xa7IF\x11.RM\xe7c\xf6[\x92\xdd\xce\x18\xcd\xb9M\x1c3\x89\x86\xf1\xb3\xcb\xf0W\xc3\xbb\'\xc9\xbe\xcf\xbb^\x9b5\xaa\x9e\xb4\x10\xf2\xac\x9d\x9f\x11N\xabnY\xd9\x1c\xdeY\xd4\xf5\xbe\x10X(\xf9\xd5f\xe5\xa7q\xb7d\x96I\x8d\xfe\xd1T\x01\t\x15\t\x8b\xdc\xdbM\x9a\xc1\xf9c\xde\xcfW\xd7u\x99\x16\x93\x13O\xd3\xd3\xa6v\xce\x99\xfeg\xda9\x9d\xc8\x15R\xc3}\xef\xc7y\x9f\xd2Xp\x11\x97\xb0\xe2\xf7\xe8\xcc(\xeb\xd0\xd8\xfd\xb6R\x94IU\xdd\\\xa3\xac\x90k!\xb0\xa0\xb3Z"SL\x1b\xf5\n\xf3\x0b!\xc5\xe3\xf2\xa4\xc3J\x9a\xb3\xdd}4\x0f\x07\x00\x10\x1b\xd5%,\xccH\xbb"\n $\x11#\xc4,\xf3\x98\x05\x8a'} = <test_storage.FakeObjectStorage object at 0x12e0a27b0>.objects
E    +      where <test_storage.FakeObjectStorage object at 0x12e0a27b0> = <test_storage.TestQueryCacheS3Routing testMethod=test_stale_upload_cannot_replace_a_newer_entry>.storage
- generated xml file: /Users/daniloc/Documents/Dev/coherence/docs/assays/posthog-guarantees-r3/cache-mutated.xml -
=========================== short test summary info ============================
FAILED posthog/query_cache/test/test_storage.py::TestQueryCacheS3Routing::test_stale_upload_cannot_replace_a_newer_entry
========================= 1 failed, 2 passed in 3.49s ==========================
